
Memory Configuration

Name             Origin             Length             Attributes
MEM_RAM0         0x00000000         0x00001000
MEM_RAM1         0x00300000         0x00001000
*default*        0x00000000         0xffffffff

Linker script and memory map

LOAD G:\Documents\FRI\Racunalniška Arhitektura\Vaje 4\Debug\crt0.o
LOAD G:\Documents\FRI\Racunalniška Arhitektura\Vaje 4\Debug\user.o
                0x00000ff8                __ASYST_STACK_TOP = 0xff8
                0x00000000                __ASYST_HEAP_SIZE = 0x0

.text           0x00000000       0x54
                0x00000000                __ASYST_TEXT_START = .
 *(.startup)
 .startup       0x00000000       0x20 G:\Documents\FRI\Racunalniška Arhitektura\Vaje 4\Debug\crt0.o
 *(.text)
 .text          0x00000020        0x0 G:\Documents\FRI\Racunalniška Arhitektura\Vaje 4\Debug\crt0.o
 .text          0x00000020       0x34 G:\Documents\FRI\Racunalniška Arhitektura\Vaje 4\Debug\user.o
                0x00000028                __start
 *(.text.*)
 *(.init)
 *(.fini)
 *(.gnu.linkonce.t*)
                0x00000054                __ASYST_TEXT_END = .
                0x00000054                . = ALIGN (0x4)
                0x00000054                __ASYST_CTOR_START = .
 *(.ctors)
                0x00000054                __ASYST_CTOR_END = .
                0x00000054                . = ALIGN (0x4)
                0x00000054                __ASYST_DTOR_START = .
 *(.dtors)
                0x00000054                __ASYST_DTOR_END = .

.vfp11_veneer   0x00000054        0x0
 .vfp11_veneer  0x00000000        0x0 linker stubs

.v4_bx          0x00000054        0x0
 .v4_bx         0x00000000        0x0 linker stubs

.iplt           0x00000054        0x0
 .iplt          0x00000000        0x0 G:\Documents\FRI\Racunalniška Arhitektura\Vaje 4\Debug\crt0.o

.gcc_except_table
 *(.gcc_except_table)

.rodata         0x00000054        0x0
 *(.rodata)
 *(.rodata.*)
 *(.rdata)
 *(.rdata.*)
 *(.glue_7)
 .glue_7        0x00000000        0x0 linker stubs
 *(.glue_7t)
 .glue_7t       0x00000000        0x0 linker stubs
 *(.gnu.linkonce.r*)
 *(.eh_frame)
 *(.got2)

.rel.dyn        0x00000054        0x0
 .rel.iplt      0x00000000        0x0 G:\Documents\FRI\Racunalniška Arhitektura\Vaje 4\Debug\crt0.o

.data           0x00000054        0x0
                0x00000054                __ASYST_DATA_START = .
 *(.data)
 .data          0x00000054        0x0 G:\Documents\FRI\Racunalniška Arhitektura\Vaje 4\Debug\crt0.o
 .data          0x00000054        0x0 G:\Documents\FRI\Racunalniška Arhitektura\Vaje 4\Debug\user.o
 *(.data.*)
 *(.gnu.linkonce.d*)
                0x00000054                __ASYST_DATA_END = .

.igot.plt       0x00000054        0x0
 .igot.plt      0x00000000        0x0 G:\Documents\FRI\Racunalniška Arhitektura\Vaje 4\Debug\crt0.o

.initdata       0x00000054        0x0
                0x00000054                __ASYST_DATA_LOAD = .
                0x00000054                . = (. + SIZEOF (.data))

.bss            0x00000054        0x0
                0x00000054                __ASYST_BSS_START = .
 *(.bss)
 .bss           0x00000054        0x0 G:\Documents\FRI\Racunalniška Arhitektura\Vaje 4\Debug\crt0.o
 .bss           0x00000054        0x0 G:\Documents\FRI\Racunalniška Arhitektura\Vaje 4\Debug\user.o
 *(.bss.*)
 *(.sbss)
 *(.sbss.*)
 *(COMMON)
 *(.gnu.linkonce.b*)
                0x00000054                __ASYST_BSS_END = .

.heap           0x00000054        0x0
                0x00000054                __ASYST_HEAP_START = .
                0x00000054                . = (. + __ASYST_HEAP_SIZE)
                0x00000054                end = .
START GROUP
LOAD c:/isystem/winidea9/gcc/arm/bin/../lib/gcc/arm-none-eabi/4.7.4\libgcc.a
LOAD c:/isystem/winidea9/gcc/arm/bin/../lib/gcc/arm-none-eabi/4.7.4/../../../../arm-none-eabi/lib\libc.a
END GROUP
OUTPUT(sample.elf elf32-littlearm)

.ARM.attributes
                0x00000000       0x20
 .ARM.attributes
                0x00000000       0x20 G:\Documents\FRI\Racunalniška Arhitektura\Vaje 4\Debug\crt0.o
 .ARM.attributes
                0x00000020       0x20 G:\Documents\FRI\Racunalniška Arhitektura\Vaje 4\Debug\user.o

.debug_line     0x00000000       0xdb
 .debug_line    0x00000000       0x6c G:\Documents\FRI\Racunalniška Arhitektura\Vaje 4\Debug\crt0.o
 .debug_line    0x0000006c       0x6f G:\Documents\FRI\Racunalniška Arhitektura\Vaje 4\Debug\user.o

.debug_info     0x00000000      0x122
 .debug_info    0x00000000       0x91 G:\Documents\FRI\Racunalniška Arhitektura\Vaje 4\Debug\crt0.o
 .debug_info    0x00000091       0x91 G:\Documents\FRI\Racunalniška Arhitektura\Vaje 4\Debug\user.o

.debug_abbrev   0x00000000       0x28
 .debug_abbrev  0x00000000       0x14 G:\Documents\FRI\Racunalniška Arhitektura\Vaje 4\Debug\crt0.o
 .debug_abbrev  0x00000014       0x14 G:\Documents\FRI\Racunalniška Arhitektura\Vaje 4\Debug\user.o

.debug_aranges  0x00000000       0x40
 .debug_aranges
                0x00000000       0x20 G:\Documents\FRI\Racunalniška Arhitektura\Vaje 4\Debug\crt0.o
 .debug_aranges
                0x00000020       0x20 G:\Documents\FRI\Racunalniška Arhitektura\Vaje 4\Debug\user.o
